---
source: crates/node/src/network/wire_format.rs
expression: table
---
Packet::Ping                                         00
Packet::MpcMessage                                   01
Packet::IndexerHeight                                02
MpcMessageKind::Start                                00
MpcMessageKind::Computation                          01
MpcMessageKind::Abort                                02
MpcMessageKind::Success                              03
MpcTaskId::EcdsaTaskId(KeyGeneration)                00 00
MpcTaskId::EcdsaTaskId(KeyResharing)                 00 01
MpcTaskId::EcdsaTaskId(ManyTriples)                  00 02
MpcTaskId::EcdsaTaskId(Presignature)                 00 03
MpcTaskId::EcdsaTaskId(Signature)                    00 04
MpcTaskId::EddsaTaskId(KeyGeneration)                01 00
MpcTaskId::EddsaTaskId(KeyResharing)                 01 01
MpcTaskId::EddsaTaskId(Signature)                    01 02
MpcTaskId::CKDTaskId(KeyGeneration)                  02 00
MpcTaskId::CKDTaskId(KeyResharing)                   02 01
MpcTaskId::CKDTaskId(Ckd)                            02 02
MpcTaskId::RobustEcdsaTaskId(KeyGeneration)          03 00
MpcTaskId::RobustEcdsaTaskId(KeyResharing)           03 01
MpcTaskId::RobustEcdsaTaskId(Presignature)           03 02
MpcTaskId::RobustEcdsaTaskId(Signature)              03 03
MpcTaskId::VerifyForeignTxTaskId(VerifyForeignTx)    04 00
