---
source: crates/chain-gateway/src/event_subscriber/recent_blocks_tracker.rs
expression: t.evolution
---
--- after add(F1BKWCC) ---
   Recent blocks: (Window = 7 to 11, GC limit 0)
CH └─[11] C   F1BKWCCxzv7PtiVZxLMx3HQuuxDGcrtPRT2FaGgRggpA 

--- after add(7wk1ewk) ---
   Recent blocks: (Window = 8 to 12, GC limit 0)
   └─[11] C   F1BKWCCxzv7PtiVZxLMx3HQuuxDGcrtPRT2FaGgRggpA 
CH   [12] C   7wk1ewkZKmCNLRRhCrjFuoYy1K94dis9qAUv7JUKzCkG 

--- after add(DTYziqM) ---
   Recent blocks: (Window = 9 to 13, GC limit 9)
FH └─[11] C F F1BKWCCxzv7PtiVZxLMx3HQuuxDGcrtPRT2FaGgRggpA 
     [12] C   7wk1ewkZKmCNLRRhCrjFuoYy1K94dis9qAUv7JUKzCkG 
CH   [13] C   DTYziqMhQ9i2wbruEfoNiWZNp34dzVYto6FLy3FUZKwt 

--- after add(DC88XsX) ---
   Recent blocks: (Window = 10 to 14, GC limit 10)
FH └─[11] C F F1BKWCCxzv7PtiVZxLMx3HQuuxDGcrtPRT2FaGgRggpA 
     [12] C   7wk1ewkZKmCNLRRhCrjFuoYy1K94dis9qAUv7JUKzCkG 
     ├─[13]     DTYziqMhQ9i2wbruEfoNiWZNp34dzVYto6FLy3FUZKwt 
CH   └─[14] C   DC88XsXQdWZXipUU4vRHQqYo22nwtGVnp3rHptw44mJz 

--- after add(81v6keT) ---
   Recent blocks: (Window = 12 to 16, GC limit 11)
FH └─[11] C F F1BKWCCxzv7PtiVZxLMx3HQuuxDGcrtPRT2FaGgRggpA 
     [12] C   7wk1ewkZKmCNLRRhCrjFuoYy1K94dis9qAUv7JUKzCkG 
     ├─[13]     DTYziqMhQ9i2wbruEfoNiWZNp34dzVYto6FLy3FUZKwt 
     ├─[14]     DC88XsXQdWZXipUU4vRHQqYo22nwtGVnp3rHptw44mJz 
CH   └─[16] C   81v6keTjdkVp8RgTdWQE2vx7E7nof7NxtZNaYFh3oVpG 

--- after add(4q6agzf) ---
   Recent blocks: (Window = 12 to 16, GC limit 11)
FH └─[11] C F F1BKWCCxzv7PtiVZxLMx3HQuuxDGcrtPRT2FaGgRggpA 
     [12] C   7wk1ewkZKmCNLRRhCrjFuoYy1K94dis9qAUv7JUKzCkG 
     ├─[13]     DTYziqMhQ9i2wbruEfoNiWZNp34dzVYto6FLy3FUZKwt 
     │ [15]     4q6agzf1AcZWcVbNnULR8969K8MhmPCEJ7pKapjmEGmA 
     ├─[14]     DC88XsXQdWZXipUU4vRHQqYo22nwtGVnp3rHptw44mJz 
CH   └─[16] C   81v6keTjdkVp8RgTdWQE2vx7E7nof7NxtZNaYFh3oVpG 

--- after add(GHjy914) ---
   Recent blocks: (Window = 14 to 18, GC limit 11)
FH └─[11] C F F1BKWCCxzv7PtiVZxLMx3HQuuxDGcrtPRT2FaGgRggpA 
     [12] C   7wk1ewkZKmCNLRRhCrjFuoYy1K94dis9qAUv7JUKzCkG 
     ├─[13]     DTYziqMhQ9i2wbruEfoNiWZNp34dzVYto6FLy3FUZKwt 
     │ [15]     4q6agzf1AcZWcVbNnULR8969K8MhmPCEJ7pKapjmEGmA 
     ├─[14] C   DC88XsXQdWZXipUU4vRHQqYo22nwtGVnp3rHptw44mJz 
CH   │ [18] C   GHjy91467tR3nyE2ycq9JM4MH22ZoBZCrkXSEFnT7Vhp 
     └─[16]     81v6keTjdkVp8RgTdWQE2vx7E7nof7NxtZNaYFh3oVpG 

--- after add(Dtoqtib) ---
   Recent blocks: (Window = 15 to 19, GC limit 11)
FH └─[11] C F F1BKWCCxzv7PtiVZxLMx3HQuuxDGcrtPRT2FaGgRggpA 
     [12] C   7wk1ewkZKmCNLRRhCrjFuoYy1K94dis9qAUv7JUKzCkG 
     ├─[13]     DTYziqMhQ9i2wbruEfoNiWZNp34dzVYto6FLy3FUZKwt 
     │ [15]     4q6agzf1AcZWcVbNnULR8969K8MhmPCEJ7pKapjmEGmA 
     ├─[14] C   DC88XsXQdWZXipUU4vRHQqYo22nwtGVnp3rHptw44mJz 
     │ [18] C   GHjy91467tR3nyE2ycq9JM4MH22ZoBZCrkXSEFnT7Vhp 
CH   │ [19] C   DtoqtibWnNxpvqwgXUXDMrawHNQPP2AC8p3fjdiZvtKg 
     └─[16]     81v6keTjdkVp8RgTdWQE2vx7E7nof7NxtZNaYFh3oVpG 

--- after add(24aEbuU) ---
   Recent blocks: (Window = 16 to 20, GC limit 16)
FH └─[18] C F GHjy91467tR3nyE2ycq9JM4MH22ZoBZCrkXSEFnT7Vhp 
     [19] C   DtoqtibWnNxpvqwgXUXDMrawHNQPP2AC8p3fjdiZvtKg 
CH   [20] C   24aEbuUrHRACVS8Ty27pbWnBygML7QBttQo44trWLen7
