---
source: crates/node/src/requests/recent_blocks_tracker.rs
expression: t.evolution
---
--- after add(F1BKWCC) ---
   Recent blocks: (Window = 1 to 4, GC limit 0)
CH └─[4] C   F1BKWCCxzv7PtiVZxLMx3HQuuxDGcrtPRT2FaGgRggpA 

--- after add(7wk1ewk) ---
   Recent blocks: (Window = 2 to 6, GC limit 0)
   └─[4] C   F1BKWCCxzv7PtiVZxLMx3HQuuxDGcrtPRT2FaGgRggpA 
CH   [6] C   7wk1ewkZKmCNLRRhCrjFuoYy1K94dis9qAUv7JUKzCkG 

--- after add(DTYziqM) ---
   Recent blocks: (Window = 4 to 8, GC limit 0)
   └─[4] C   F1BKWCCxzv7PtiVZxLMx3HQuuxDGcrtPRT2FaGgRggpA 
     [6] C   7wk1ewkZKmCNLRRhCrjFuoYy1K94dis9qAUv7JUKzCkG 
CH   [8] C   DTYziqMhQ9i2wbruEfoNiWZNp34dzVYto6FLy3FUZKwt 

--- after add(DC88XsX) ---
   Recent blocks: (Window = 5 to 9, GC limit 0)
   └─[4] C   F1BKWCCxzv7PtiVZxLMx3HQuuxDGcrtPRT2FaGgRggpA 
     [6] C   7wk1ewkZKmCNLRRhCrjFuoYy1K94dis9qAUv7JUKzCkG 
     ├─[8]     DTYziqMhQ9i2wbruEfoNiWZNp34dzVYto6FLy3FUZKwt 
CH   └─[9] C   DC88XsXQdWZXipUU4vRHQqYo22nwtGVnp3rHptw44mJz 

--- after add(8FoDbEf) ---
   Recent blocks: (Window = 5 to 9, GC limit 0)
   └─[4] C   F1BKWCCxzv7PtiVZxLMx3HQuuxDGcrtPRT2FaGgRggpA 
     ├─[6] C   7wk1ewkZKmCNLRRhCrjFuoYy1K94dis9qAUv7JUKzCkG 
     │ ├─[8]     DTYziqMhQ9i2wbruEfoNiWZNp34dzVYto6FLy3FUZKwt 
CH   │ └─[9] C   DC88XsXQdWZXipUU4vRHQqYo22nwtGVnp3rHptw44mJz 
     └─[7]     8FoDbEfMuYmtr7SXRPiscHR4mQ6m5nCyuca43eAopktY 

--- after add(8jRJjsy) ---
   Recent blocks: (Window = 5 to 9, GC limit 0)
   └─[4] C   F1BKWCCxzv7PtiVZxLMx3HQuuxDGcrtPRT2FaGgRggpA 
     ├─[6] C   7wk1ewkZKmCNLRRhCrjFuoYy1K94dis9qAUv7JUKzCkG 
     │ ├─[8]     DTYziqMhQ9i2wbruEfoNiWZNp34dzVYto6FLy3FUZKwt 
CH   │ └─[9] C   DC88XsXQdWZXipUU4vRHQqYo22nwtGVnp3rHptw44mJz 
     └─[7]     8FoDbEfMuYmtr7SXRPiscHR4mQ6m5nCyuca43eAopktY 
       [9]     8jRJjsyqjoAbyWbjLXTjFNiKTwT8s4xspouvRaZGfh6R 

--- after add(CnbxNBi) ---
   Recent blocks: (Window = 6 to 10, GC limit 0)
   └─[4] C   F1BKWCCxzv7PtiVZxLMx3HQuuxDGcrtPRT2FaGgRggpA 
     ├─[6]     7wk1ewkZKmCNLRRhCrjFuoYy1K94dis9qAUv7JUKzCkG 
     │ ├─[8]     DTYziqMhQ9i2wbruEfoNiWZNp34dzVYto6FLy3FUZKwt 
     │ └─[9]     DC88XsXQdWZXipUU4vRHQqYo22nwtGVnp3rHptw44mJz 
     └─[7] C   8FoDbEfMuYmtr7SXRPiscHR4mQ6m5nCyuca43eAopktY 
       ├─[9]     8jRJjsyqjoAbyWbjLXTjFNiKTwT8s4xspouvRaZGfh6R 
CH     └─[10] C   CnbxNBi2SVDZo9z8V8kwrmE3pUkozpDvpCCg9Tq25rY3 

--- after add(FsmQgeG) ---
   Recent blocks: (Window = 6 to 10, GC limit 0)
   ├─[4] C   F1BKWCCxzv7PtiVZxLMx3HQuuxDGcrtPRT2FaGgRggpA 
   │ ├─[6]     7wk1ewkZKmCNLRRhCrjFuoYy1K94dis9qAUv7JUKzCkG 
   │ │ ├─[8]     DTYziqMhQ9i2wbruEfoNiWZNp34dzVYto6FLy3FUZKwt 
   │ │ └─[9]     DC88XsXQdWZXipUU4vRHQqYo22nwtGVnp3rHptw44mJz 
   │ └─[7] C   8FoDbEfMuYmtr7SXRPiscHR4mQ6m5nCyuca43eAopktY 
   │   ├─[9]     8jRJjsyqjoAbyWbjLXTjFNiKTwT8s4xspouvRaZGfh6R 
CH │   └─[10] C   CnbxNBi2SVDZo9z8V8kwrmE3pUkozpDvpCCg9Tq25rY3 
   └─[5]     FsmQgeGtsztQh7aaRtaj59JToK91VqiRyRqXXRN85ZAA 

--- after add(6s7VNQL) ---
   Recent blocks: (Window = 6 to 10, GC limit 0)
   ├─[4] C   F1BKWCCxzv7PtiVZxLMx3HQuuxDGcrtPRT2FaGgRggpA 
   │ ├─[6]     7wk1ewkZKmCNLRRhCrjFuoYy1K94dis9qAUv7JUKzCkG 
   │ │ ├─[8]     DTYziqMhQ9i2wbruEfoNiWZNp34dzVYto6FLy3FUZKwt 
   │ │ └─[9]     DC88XsXQdWZXipUU4vRHQqYo22nwtGVnp3rHptw44mJz 
   │ └─[7] C   8FoDbEfMuYmtr7SXRPiscHR4mQ6m5nCyuca43eAopktY 
   │   ├─[9]     8jRJjsyqjoAbyWbjLXTjFNiKTwT8s4xspouvRaZGfh6R 
CH │   └─[10] C   CnbxNBi2SVDZo9z8V8kwrmE3pUkozpDvpCCg9Tq25rY3 
   └─[5]     FsmQgeGtsztQh7aaRtaj59JToK91VqiRyRqXXRN85ZAA 
     [6]     6s7VNQLN9b4SpwUdEq8LqKwBjf8SqUuutACcMtHwULu8 

--- after add(GounuZU) ---
   Recent blocks: (Window = 6 to 10, GC limit 0)
   ├─[4] C   F1BKWCCxzv7PtiVZxLMx3HQuuxDGcrtPRT2FaGgRggpA 
   │ ├─[6]     7wk1ewkZKmCNLRRhCrjFuoYy1K94dis9qAUv7JUKzCkG 
   │ │ ├─[8]     DTYziqMhQ9i2wbruEfoNiWZNp34dzVYto6FLy3FUZKwt 
   │ │ └─[9]     DC88XsXQdWZXipUU4vRHQqYo22nwtGVnp3rHptw44mJz 
   │ └─[7] C   8FoDbEfMuYmtr7SXRPiscHR4mQ6m5nCyuca43eAopktY 
   │   ├─[9]     8jRJjsyqjoAbyWbjLXTjFNiKTwT8s4xspouvRaZGfh6R 
CH │   └─[10] C   CnbxNBi2SVDZo9z8V8kwrmE3pUkozpDvpCCg9Tq25rY3 
   └─[5]     FsmQgeGtsztQh7aaRtaj59JToK91VqiRyRqXXRN85ZAA 
     [6]     6s7VNQLN9b4SpwUdEq8LqKwBjf8SqUuutACcMtHwULu8 
     [8]     GounuZUfMmxdVequL65iUm7D94sKYg67Q34Z5cjRjZ71 

--- after add(7aXqE7c) ---
   Recent blocks: (Window = 6 to 10, GC limit 0)
   ├─[4] C   F1BKWCCxzv7PtiVZxLMx3HQuuxDGcrtPRT2FaGgRggpA 
   │ ├─[6]     7wk1ewkZKmCNLRRhCrjFuoYy1K94dis9qAUv7JUKzCkG 
   │ │ ├─[8]     DTYziqMhQ9i2wbruEfoNiWZNp34dzVYto6FLy3FUZKwt 
   │ │ └─[9]     DC88XsXQdWZXipUU4vRHQqYo22nwtGVnp3rHptw44mJz 
   │ └─[7] C   8FoDbEfMuYmtr7SXRPiscHR4mQ6m5nCyuca43eAopktY 
   │   ├─[9]     8jRJjsyqjoAbyWbjLXTjFNiKTwT8s4xspouvRaZGfh6R 
CH │   └─[10] C   CnbxNBi2SVDZo9z8V8kwrmE3pUkozpDvpCCg9Tq25rY3 
   └─[5]     FsmQgeGtsztQh7aaRtaj59JToK91VqiRyRqXXRN85ZAA 
     [6]     6s7VNQLN9b4SpwUdEq8LqKwBjf8SqUuutACcMtHwULu8 
     ├─[8]     GounuZUfMmxdVequL65iUm7D94sKYg67Q34Z5cjRjZ71 
     └─[8]     7aXqE7cPZt6FnVcpytqW3oy5y2E17X9Gpgs6C7praap5 

--- after add(2xhND7P) ---
   Recent blocks: (Window = 6 to 10, GC limit 0)
   ├─[4] C   F1BKWCCxzv7PtiVZxLMx3HQuuxDGcrtPRT2FaGgRggpA 
   │ ├─[6]     7wk1ewkZKmCNLRRhCrjFuoYy1K94dis9qAUv7JUKzCkG 
   │ │ ├─[8]     DTYziqMhQ9i2wbruEfoNiWZNp34dzVYto6FLy3FUZKwt 
   │ │ └─[9]     DC88XsXQdWZXipUU4vRHQqYo22nwtGVnp3rHptw44mJz 
   │ └─[7] C   8FoDbEfMuYmtr7SXRPiscHR4mQ6m5nCyuca43eAopktY 
   │   ├─[9]     8jRJjsyqjoAbyWbjLXTjFNiKTwT8s4xspouvRaZGfh6R 
CH │   └─[10] C   CnbxNBi2SVDZo9z8V8kwrmE3pUkozpDvpCCg9Tq25rY3 
   └─[5]     FsmQgeGtsztQh7aaRtaj59JToK91VqiRyRqXXRN85ZAA 
     ├─[6]     6s7VNQLN9b4SpwUdEq8LqKwBjf8SqUuutACcMtHwULu8 
     │ ├─[8]     GounuZUfMmxdVequL65iUm7D94sKYg67Q34Z5cjRjZ71 
     │ └─[8]     7aXqE7cPZt6FnVcpytqW3oy5y2E17X9Gpgs6C7praap5 
     └─[7]     2xhND7PwiNZckwCnXFa25wMG1G8JWfKN2Sinmbz3W6xK 

--- after add(6E2vqjZ) ---
   Recent blocks: (Window = 6 to 10, GC limit 0)
   ├─[4] C   F1BKWCCxzv7PtiVZxLMx3HQuuxDGcrtPRT2FaGgRggpA 
   │ ├─[6]     7wk1ewkZKmCNLRRhCrjFuoYy1K94dis9qAUv7JUKzCkG 
   │ │ ├─[8]     DTYziqMhQ9i2wbruEfoNiWZNp34dzVYto6FLy3FUZKwt 
   │ │ └─[9]     DC88XsXQdWZXipUU4vRHQqYo22nwtGVnp3rHptw44mJz 
   │ └─[7] C   8FoDbEfMuYmtr7SXRPiscHR4mQ6m5nCyuca43eAopktY 
   │   ├─[9]     8jRJjsyqjoAbyWbjLXTjFNiKTwT8s4xspouvRaZGfh6R 
CH │   └─[10] C   CnbxNBi2SVDZo9z8V8kwrmE3pUkozpDvpCCg9Tq25rY3 
   └─[5]     FsmQgeGtsztQh7aaRtaj59JToK91VqiRyRqXXRN85ZAA 
     ├─[6]     6s7VNQLN9b4SpwUdEq8LqKwBjf8SqUuutACcMtHwULu8 
     │ ├─[8]     GounuZUfMmxdVequL65iUm7D94sKYg67Q34Z5cjRjZ71 
     │ └─[8]     7aXqE7cPZt6FnVcpytqW3oy5y2E17X9Gpgs6C7praap5 
     └─[7]     2xhND7PwiNZckwCnXFa25wMG1G8JWfKN2Sinmbz3W6xK 
       [9]     6E2vqjZLbuUY2y6VK571Ai3pk43EUHXuNxibJuBGh44T 

--- after add(Cq9uMZq) ---
   Recent blocks: (Window = 6 to 10, GC limit 0)
   ├─[4] C   F1BKWCCxzv7PtiVZxLMx3HQuuxDGcrtPRT2FaGgRggpA 
   │ ├─[6]     7wk1ewkZKmCNLRRhCrjFuoYy1K94dis9qAUv7JUKzCkG 
   │ │ ├─[8]     DTYziqMhQ9i2wbruEfoNiWZNp34dzVYto6FLy3FUZKwt 
   │ │ └─[9]     DC88XsXQdWZXipUU4vRHQqYo22nwtGVnp3rHptw44mJz 
   │ └─[7] C   8FoDbEfMuYmtr7SXRPiscHR4mQ6m5nCyuca43eAopktY 
   │   ├─[9]     8jRJjsyqjoAbyWbjLXTjFNiKTwT8s4xspouvRaZGfh6R 
CH │   └─[10] C   CnbxNBi2SVDZo9z8V8kwrmE3pUkozpDvpCCg9Tq25rY3 
   └─[5]     FsmQgeGtsztQh7aaRtaj59JToK91VqiRyRqXXRN85ZAA 
     ├─[6]     6s7VNQLN9b4SpwUdEq8LqKwBjf8SqUuutACcMtHwULu8 
     │ ├─[8]     GounuZUfMmxdVequL65iUm7D94sKYg67Q34Z5cjRjZ71 
     │ └─[8]     7aXqE7cPZt6FnVcpytqW3oy5y2E17X9Gpgs6C7praap5 
     └─[7]     2xhND7PwiNZckwCnXFa25wMG1G8JWfKN2Sinmbz3W6xK 
       ├─[9]     6E2vqjZLbuUY2y6VK571Ai3pk43EUHXuNxibJuBGh44T 
       └─[10]     Cq9uMZqNZr6zuF7nT6yfGms1ptaVVu5dAdiRJ6pqCTN8 

--- after add(FK5PX18) ---
   Recent blocks: (Window = 6 to 10, GC limit 5)
FH └─[5] C F FsmQgeGtsztQh7aaRtaj59JToK91VqiRyRqXXRN85ZAA 
     ├─[6]     6s7VNQLN9b4SpwUdEq8LqKwBjf8SqUuutACcMtHwULu8 
     │ ├─[8]     GounuZUfMmxdVequL65iUm7D94sKYg67Q34Z5cjRjZ71 
     │ ├─[8]     7aXqE7cPZt6FnVcpytqW3oy5y2E17X9Gpgs6C7praap5 
     │ └─[7]     FK5PX18pxwwtaB6AvYjNkWZ4Jvnn2HeNx4tknkM5g7VP 
     └─[7] C   2xhND7PwiNZckwCnXFa25wMG1G8JWfKN2Sinmbz3W6xK 
       ├─[9]     6E2vqjZLbuUY2y6VK571Ai3pk43EUHXuNxibJuBGh44T 
CH     └─[10] C   Cq9uMZqNZr6zuF7nT6yfGms1ptaVVu5dAdiRJ6pqCTN8 

--- after add(AQif6Gc) ---
   Recent blocks: (Window = 6 to 10, GC limit 6)
FH └─[6] C F 6s7VNQLN9b4SpwUdEq8LqKwBjf8SqUuutACcMtHwULu8 
CH   ├─[8] C   GounuZUfMmxdVequL65iUm7D94sKYg67Q34Z5cjRjZ71 
     ├─[8]     7aXqE7cPZt6FnVcpytqW3oy5y2E17X9Gpgs6C7praap5 
     └─[7]     FK5PX18pxwwtaB6AvYjNkWZ4Jvnn2HeNx4tknkM5g7VP 
       [8]     AQif6GckVVDt4L4rUeAN43PNComjsa7fPYAF5NHW7oX8 

--- after add(NW4CWxr) ---
   Recent blocks: (Window = 7 to 11, GC limit 6)
FH └─[6] C F 6s7VNQLN9b4SpwUdEq8LqKwBjf8SqUuutACcMtHwULu8 
     ├─[8]     GounuZUfMmxdVequL65iUm7D94sKYg67Q34Z5cjRjZ71 
     ├─[8]     7aXqE7cPZt6FnVcpytqW3oy5y2E17X9Gpgs6C7praap5 
     └─[7] C   FK5PX18pxwwtaB6AvYjNkWZ4Jvnn2HeNx4tknkM5g7VP 
       [8] C   AQif6GckVVDt4L4rUeAN43PNComjsa7fPYAF5NHW7oX8 
CH     [11] C   NW4CWxr6ptWa9tsV2gMhGPdE7ecNWfCrnJDfJwx9yv9  

--- after add(4Vwtcag) ---
   Recent blocks: (Window = 8 to 12, GC limit 6)
FH └─[6] C F 6s7VNQLN9b4SpwUdEq8LqKwBjf8SqUuutACcMtHwULu8 
     ├─[8]     GounuZUfMmxdVequL65iUm7D94sKYg67Q34Z5cjRjZ71 
     ├─[8]     7aXqE7cPZt6FnVcpytqW3oy5y2E17X9Gpgs6C7praap5 
     └─[7] C   FK5PX18pxwwtaB6AvYjNkWZ4Jvnn2HeNx4tknkM5g7VP 
       [8] C   AQif6GckVVDt4L4rUeAN43PNComjsa7fPYAF5NHW7oX8 
       [11] C   NW4CWxr6ptWa9tsV2gMhGPdE7ecNWfCrnJDfJwx9yv9  
CH     [12] C   4Vwtcagaq6fi5j82suG4j8HiaU3SMbqotrZzT3bjqwcP 

--- after add(Gktyudc) ---
   Recent blocks: (Window = 9 to 13, GC limit 9)
FH └─[11] C F NW4CWxr6ptWa9tsV2gMhGPdE7ecNWfCrnJDfJwx9yv9  
     [12] C   4Vwtcagaq6fi5j82suG4j8HiaU3SMbqotrZzT3bjqwcP 
CH   [13] C   GktyudcCf3dBkWCdjq9dFssY7KZRRZQJ1TZH3ZMw8LWk
