---
source: crates/near-mpc-contract-interface/src/types/state.rs
expression: sample_proposal()
---
{
  "participants": {
    "next_id": 1,
    "participants": [
      [
        "alice.near",
        0,
        {
          "url": "https://alice.com",
          "tls_public_key": "ed25519:6E8sCci9badyRkXb3JoRpBj5p8C6Tw41ELDZoiihKEtp"
        }
      ]
    ]
  },
  "threshold": 1,
  "per_domain_thresholds": {
    "0": 1
  }
}
